Archive member included because of file (symbol)

c:/program files (x86)/atmel/atmel toolchain/avr8 gcc/native/3.4.1061/avr8-gnu-toolchain/bin/../lib/gcc/avr/4.8.1/../../../../avr/lib/avr5\libm.a(addsf3.o)
                              Print.o (__subsf3)
c:/program files (x86)/atmel/atmel toolchain/avr8 gcc/native/3.4.1061/avr8-gnu-toolchain/bin/../lib/gcc/avr/4.8.1/../../../../avr/lib/avr5\libm.a(addsf3x.o)
                              c:/program files (x86)/atmel/atmel toolchain/avr8 gcc/native/3.4.1061/avr8-gnu-toolchain/bin/../lib/gcc/avr/4.8.1/../../../../avr/lib/avr5\libm.a(addsf3.o) (__addsf3x)
c:/program files (x86)/atmel/atmel toolchain/avr8 gcc/native/3.4.1061/avr8-gnu-toolchain/bin/../lib/gcc/avr/4.8.1/../../../../avr/lib/avr5\libm.a(cmpsf2.o)
                              Print.o (__ltsf2)
c:/program files (x86)/atmel/atmel toolchain/avr8 gcc/native/3.4.1061/avr8-gnu-toolchain/bin/../lib/gcc/avr/4.8.1/../../../../avr/lib/avr5\libm.a(divsf3.o)
                              Print.o (__divsf3)
c:/program files (x86)/atmel/atmel toolchain/avr8 gcc/native/3.4.1061/avr8-gnu-toolchain/bin/../lib/gcc/avr/4.8.1/../../../../avr/lib/avr5\libm.a(divsf3x.o)
                              c:/program files (x86)/atmel/atmel toolchain/avr8 gcc/native/3.4.1061/avr8-gnu-toolchain/bin/../lib/gcc/avr/4.8.1/../../../../avr/lib/avr5\libm.a(divsf3.o) (__divsf3x)
c:/program files (x86)/atmel/atmel toolchain/avr8 gcc/native/3.4.1061/avr8-gnu-toolchain/bin/../lib/gcc/avr/4.8.1/../../../../avr/lib/avr5\libm.a(fixsfsi.o)
                              PingSensorSystem.o (__fixsfsi)
c:/program files (x86)/atmel/atmel toolchain/avr8 gcc/native/3.4.1061/avr8-gnu-toolchain/bin/../lib/gcc/avr/4.8.1/../../../../avr/lib/avr5\libm.a(fixunssfsi.o)
                              Print.o (__fixunssfsi)
c:/program files (x86)/atmel/atmel toolchain/avr8 gcc/native/3.4.1061/avr8-gnu-toolchain/bin/../lib/gcc/avr/4.8.1/../../../../avr/lib/avr5\libm.a(floatsisf.o)
                              Print.o (__floatunsisf)
c:/program files (x86)/atmel/atmel toolchain/avr8 gcc/native/3.4.1061/avr8-gnu-toolchain/bin/../lib/gcc/avr/4.8.1/../../../../avr/lib/avr5\libm.a(fp_cmp.o)
                              c:/program files (x86)/atmel/atmel toolchain/avr8 gcc/native/3.4.1061/avr8-gnu-toolchain/bin/../lib/gcc/avr/4.8.1/../../../../avr/lib/avr5\libm.a(cmpsf2.o) (__fp_cmp)
c:/program files (x86)/atmel/atmel toolchain/avr8 gcc/native/3.4.1061/avr8-gnu-toolchain/bin/../lib/gcc/avr/4.8.1/../../../../avr/lib/avr5\libm.a(fp_inf.o)
                              c:/program files (x86)/atmel/atmel toolchain/avr8 gcc/native/3.4.1061/avr8-gnu-toolchain/bin/../lib/gcc/avr/4.8.1/../../../../avr/lib/avr5\libm.a(addsf3x.o) (__fp_inf)
c:/program files (x86)/atmel/atmel toolchain/avr8 gcc/native/3.4.1061/avr8-gnu-toolchain/bin/../lib/gcc/avr/4.8.1/../../../../avr/lib/avr5\libm.a(fp_nan.o)
                              c:/program files (x86)/atmel/atmel toolchain/avr8 gcc/native/3.4.1061/avr8-gnu-toolchain/bin/../lib/gcc/avr/4.8.1/../../../../avr/lib/avr5\libm.a(addsf3x.o) (__fp_nan)
c:/program files (x86)/atmel/atmel toolchain/avr8 gcc/native/3.4.1061/avr8-gnu-toolchain/bin/../lib/gcc/avr/4.8.1/../../../../avr/lib/avr5\libm.a(fp_pscA.o)
                              c:/program files (x86)/atmel/atmel toolchain/avr8 gcc/native/3.4.1061/avr8-gnu-toolchain/bin/../lib/gcc/avr/4.8.1/../../../../avr/lib/avr5\libm.a(addsf3x.o) (__fp_pscA)
c:/program files (x86)/atmel/atmel toolchain/avr8 gcc/native/3.4.1061/avr8-gnu-toolchain/bin/../lib/gcc/avr/4.8.1/../../../../avr/lib/avr5\libm.a(fp_pscB.o)
                              c:/program files (x86)/atmel/atmel toolchain/avr8 gcc/native/3.4.1061/avr8-gnu-toolchain/bin/../lib/gcc/avr/4.8.1/../../../../avr/lib/avr5\libm.a(addsf3x.o) (__fp_pscB)
c:/program files (x86)/atmel/atmel toolchain/avr8 gcc/native/3.4.1061/avr8-gnu-toolchain/bin/../lib/gcc/avr/4.8.1/../../../../avr/lib/avr5\libm.a(fp_round.o)
                              c:/program files (x86)/atmel/atmel toolchain/avr8 gcc/native/3.4.1061/avr8-gnu-toolchain/bin/../lib/gcc/avr/4.8.1/../../../../avr/lib/avr5\libm.a(addsf3.o) (__fp_round)
c:/program files (x86)/atmel/atmel toolchain/avr8 gcc/native/3.4.1061/avr8-gnu-toolchain/bin/../lib/gcc/avr/4.8.1/../../../../avr/lib/avr5\libm.a(fp_split3.o)
                              c:/program files (x86)/atmel/atmel toolchain/avr8 gcc/native/3.4.1061/avr8-gnu-toolchain/bin/../lib/gcc/avr/4.8.1/../../../../avr/lib/avr5\libm.a(addsf3x.o) (__fp_split3)
c:/program files (x86)/atmel/atmel toolchain/avr8 gcc/native/3.4.1061/avr8-gnu-toolchain/bin/../lib/gcc/avr/4.8.1/../../../../avr/lib/avr5\libm.a(fp_zero.o)
                              c:/program files (x86)/atmel/atmel toolchain/avr8 gcc/native/3.4.1061/avr8-gnu-toolchain/bin/../lib/gcc/avr/4.8.1/../../../../avr/lib/avr5\libm.a(addsf3x.o) (__fp_zero)
[...]
Memory Configuration

Name             Origin             Length             Attributes
text             0x00000000         0x00020000         xr
data             0x00800060         0x0000ffa0         rw !x
eeprom           0x00810000         0x00010000         rw !x
fuse             0x00820000         0x00000400         rw !x
lock             0x00830000         0x00000400         rw !x
signature        0x00840000         0x00000400         rw !x
user_signatures  0x00850000         0x00000400         rw !x
*default*        0x00000000         0xffffffff

Linker script and memory map

Address of section .data set to 0x800100
LOAD c:/program files (x86)/atmel/atmel toolchain/avr8 gcc/native/3.4.1061/avr8-gnu-toolchain/bin/../lib/gcc/avr/4.8.1/../../../../avr/lib/avr5/crtm328p.o
LOAD abi.o
LOAD CDC.o
LOAD HardwareSerial.o
LOAD HardwareSerial0.o
LOAD HardwareSerial1.o
LOAD HardwareSerial2.o
LOAD HardwareSerial3.o
LOAD hooks.o
LOAD IPAddress.o
LOAD new.o
LOAD PingSensorSystem.o
LOAD PluggableUSB.o
LOAD Print.o
LOAD Stream.o
LOAD Tone.o
LOAD twi.o
LOAD USBCore.o
LOAD WInterrupts.o
LOAD Wire.o
LOAD wiring.o
LOAD wiring_analog.o
LOAD wiring_digital.o
LOAD wiring_pulse.o
LOAD wiring_shift.o
LOAD WMath.o
LOAD WString.o
START GROUP
LOAD c:/program files (x86)/atmel/atmel toolchain/avr8 gcc/native/3.4.1061/avr8-gnu-toolchain/bin/../lib/gcc/avr/4.8.1/../../../../avr/lib/avr5\libm.a
END GROUP
LOAD c:/program files (x86)/atmel/atmel toolchain/avr8 gcc/native/3.4.1061/avr8-gnu-toolchain/bin/../lib/gcc/avr/4.8.1/avr5\libgcc.a
LOAD c:/program files (x86)/atmel/atmel toolchain/avr8 gcc/native/3.4.1061/avr8-gnu-toolchain/bin/../lib/gcc/avr/4.8.1/../../../../avr/lib/avr5\libm.a
START GROUP
LOAD c:/program files (x86)/atmel/atmel toolchain/avr8 gcc/native/3.4.1061/avr8-gnu-toolchain/bin/../lib/gcc/avr/4.8.1/avr5\libgcc.a
LOAD c:/program files (x86)/atmel/atmel toolchain/avr8 gcc/native/3.4.1061/avr8-gnu-toolchain/bin/../lib/gcc/avr/4.8.1/../../../../avr/lib/avr5\libm.a
LOAD c:/program files (x86)/atmel/atmel toolchain/avr8 gcc/native/3.4.1061/avr8-gnu-toolchain/bin/../lib/gcc/avr/4.8.1/../../../../avr/lib/avr5\libc.a
END GROUP

.hash
 *(.hash)

.dynsym
 *(.dynsym)

.dynstr
 *(.dynstr)

.gnu.version
 *(.gnu.version)

.gnu.version_d
 *(.gnu.version_d)

.gnu.version_r
 *(.gnu.version_r)

.rel.init
 *(.rel.init)

.rela.init
 *(.rela.init)

.rel.text
 *(.rel.text)
 *(.rel.text.*)
 *(.rel.gnu.linkonce.t*)

.rela.text
 *(.rela.text)
 *(.rela.text.*)
 *(.rela.gnu.linkonce.t*)

.rel.fini
 *(.rel.fini)

.rela.fini
 *(.rela.fini)

.rel.rodata
 *(.rel.rodata)
 *(.rel.rodata.*)
 *(.rel.gnu.linkonce.r*)

.rela.rodata
 *(.rela.rodata)
 *(.rela.rodata.*)
 *(.rela.gnu.linkonce.r*)

.rel.data
 *(.rel.data)
 *(.rel.data.*)
 *(.rel.gnu.linkonce.d*)

.rela.data
 *(.rela.data)
 *(.rela.data.*)
 *(.rela.gnu.linkonce.d*)

.rel.ctors
 *(.rel.ctors)

.rela.ctors
 *(.rela.ctors)

.rel.dtors
 *(.rel.dtors)

.rela.dtors
 *(.rela.dtors)

.rel.got
 *(.rel.got)

.rela.got
 *(.rela.got)

.rel.bss
 *(.rel.bss)

.rela.bss
 *(.rela.bss)

.rel.plt
 *(.rel.plt)

.rela.plt
 *(.rela.plt)

.text           0x00000000     0x19ca
 *(.vectors)
 .vectors       0x00000000       0x68 c:/program files (x86)/atmel/atmel toolchain/avr8 gcc/native/3.4.1061/avr8-gnu-toolchain/bin/../lib/gcc/avr/4.8.1/../../../../avr/lib/avr5/crtm328p.o
                0x00000000                __vector_default
                0x00000000                __vectors
 *(.vectors)
 *(.progmem.gcc*)
 .progmem.gcc_sw_table.__vector_24
                0x00000068      0x192 twi.o
                0x000001fa                . = ALIGN (0x2)
                0x000001fa                __trampolines_start = .
 *(.trampolines)
 .trampolines   0x000001fa        0x0 linker stubs
 *(.trampolines*)
                0x000001fa                __trampolines_end = .
 *(.progmem*)
 .progmem.data._ZL21tone_pin_to_timer_PGM
                0x000001fa        0x1 Tone.o
 .progmem.data.digital_pin_to_timer_PGM
                0x000001fb       0x14 wiring_digital.o
                0x000001fb                digital_pin_to_timer_PGM
 .progmem.data.digital_pin_to_bit_mask_PGM
                0x0000020f       0x14 wiring_digital.o
                0x0000020f                digital_pin_to_bit_mask_PGM
 .progmem.data.digital_pin_to_port_PGM
                0x00000223       0x14 wiring_digital.o
                0x00000223                digital_pin_to_port_PGM
 .progmem.data.port_to_output_PGM
                0x00000237        0xa wiring_digital.o
                0x00000237                port_to_output_PGM
                0x00000242                . = ALIGN (0x2)
 *fill*         0x00000241        0x1 
 *(.jumptables)
 *(.jumptables*)
 *(.lowtext)
 *(.lowtext*)
                0x00000242                __ctors_start = .
 *(.ctors)
 .ctors         0x00000242        0x2 HardwareSerial0.o
 .ctors         0x00000244        0x2 IPAddress.o
 .ctors         0x00000246        0x2 Wire.o
                0x00000248                __ctors_end = .
                0x00000248                __dtors_start = .
 *(.dtors)
                0x00000248                __dtors_end = .
 SORT(*)(.ctors)
 SORT(*)(.dtors)
 *(.init0)
 .init0         0x00000248        0x0 c:/program files (x86)/atmel/atmel toolchain/avr8 gcc/native/3.4.1061/avr8-gnu-toolchain/bin/../lib/gcc/avr/4.8.1/../../../../avr/lib/avr5/crtm328p.o
                0x00000248                __init
 *(.init0)
 *(.init1)
 *(.init1)
 *(.init2)
 .init2         0x00000248        0xc c:/program files (x86)/atmel/atmel toolchain/avr8 gcc/native/3.4.1061/avr8-gnu-toolchain/bin/../lib/gcc/avr/4.8.1/../../../../avr/lib/avr5/crtm328p.o
 *(.init2)
 *(.init3)
 *(.init3)
 *(.init4)
 .init4         0x00000254       0x16 c:/program files (x86)/atmel/atmel toolchain/avr8 gcc/native/3.4.1061/avr8-gnu-toolchain/bin/../lib/gcc/avr/4.8.1/avr5\libgcc.a(_copy_data.o)
                0x00000254                __do_copy_data
 .init4         0x0000026a       0x10 c:/program files (x86)/atmel/atmel toolchain/avr8 gcc/native/3.4.1061/avr8-gnu-toolchain/bin/../lib/gcc/avr/4.8.1/avr5\libgcc.a(_clear_bss.o)
                0x0000026a                __do_clear_bss
 *(.init4)
 *(.init5)
 *(.init5)
 *(.init6)
 .init6         0x0000027a       0x16 c:/program files (x86)/atmel/atmel toolchain/avr8 gcc/native/3.4.1061/avr8-gnu-toolchain/bin/../lib/gcc/avr/4.8.1/avr5\libgcc.a(_ctors.o)
                0x0000027a                __do_global_ctors
 *(.init6)
 *(.init7)
 *(.init7)
 *(.init8)
 *(.init8)
 *(.init9)
 .init9         0x00000290        0x8 c:/program files (x86)/atmel/atmel toolchain/avr8 gcc/native/3.4.1061/avr8-gnu-toolchain/bin/../lib/gcc/avr/4.8.1/../../../../avr/lib/avr5/crtm328p.o
 *(.init9)
 *(.text)
 .text          0x00000298        0x4 c:/program files (x86)/atmel/atmel toolchain/avr8 gcc/native/3.4.1061/avr8-gnu-toolchain/bin/../lib/gcc/avr/4.8.1/../../../../avr/lib/avr5/crtm328p.o
                0x00000298                __vector_22
                0x00000298                __vector_12
                0x00000298                __bad_interrupt
                0x00000298                __vector_6
                0x00000298                __vector_3
                0x00000298                __vector_23
                0x00000298                __vector_25
                0x00000298                __vector_13
                0x00000298                __vector_17
                0x00000298                __vector_5
                0x00000298                __vector_4
                0x00000298                __vector_9
                0x00000298                __vector_21
                0x00000298                __vector_15
                0x00000298                __vector_8
                0x00000298                __vector_14
                0x00000298                __vector_10
                0x00000298                __vector_20
                0x0000029c                . = ALIGN (0x2)
 *(.text.*)
 .text._ZN14HardwareSerial9availableEv
                0x0000029c       0x16 HardwareSerial.o
                0x0000029c                _ZN14HardwareSerial9availableEv
 .text._ZN14HardwareSerial4peekEv
                0x000002b2       0x1c HardwareSerial.o
                0x000002b2                _ZN14HardwareSerial4peekEv
 .text._ZN14HardwareSerial4readEv
                0x000002ce       0x28 HardwareSerial.o
                0x000002ce                _ZN14HardwareSerial4readEv
 .text._ZN14HardwareSerial17_tx_udr_empty_irqEv
                0x000002f6       0x42 HardwareSerial.o
                0x000002f6                _ZN14HardwareSerial17_tx_udr_empty_irqEv
 .text._ZN14HardwareSerial5flushEv
                0x00000338       0x4a HardwareSerial.o
                0x00000338                _ZN14HardwareSerial5flushEv
 .text._ZN14HardwareSerial5writeEh
                0x00000382       0x88 HardwareSerial.o
                0x00000382                _ZN14HardwareSerial5writeEh
 .text._ZN14HardwareSerial5beginEmh
                0x0000040a       0xcc HardwareSerial.o
                0x0000040a                _ZN14HardwareSerial5beginEmh
 .text.__vector_18
                0x000004d6       0x76 HardwareSerial0.o
                0x000004d6                __vector_18
 .text.__vector_19
                0x0000054c       0x4c HardwareSerial0.o
                0x0000054c                __vector_19
 .text._GLOBAL__sub_I___vector_18
                0x00000598       0x86 HardwareSerial0.o
 .text._ZNK9IPAddress7printToER5Print
                0x0000061e       0x74 IPAddress.o
                0x0000061e                _ZNK9IPAddress7printToER5Print
 .text._ZN9IPAddressC2Ehhhh
                0x00000692       0x18 IPAddress.o
                0x00000692                _ZN9IPAddressC2Ehhhh
                0x00000692                _ZN9IPAddressC1Ehhhh
 .text._GLOBAL__sub_I__ZN9IPAddressC2Ev
                0x000006aa       0x16 IPAddress.o
 .text._Z12sendDistancev
                0x000006c0       0x56 PingSensorSystem.o
                0x000006c0                _Z12sendDistancev
 .text._Z15reset_variablesv
                0x00000716       0xca PingSensorSystem.o
                0x00000716                _Z15reset_variablesv
 .text._Z18calculate_distancei
                0x000007e0       0x38 PingSensorSystem.o
                0x000007e0                _Z18calculate_distancei
 .text._Z11getDistancev
                0x00000818      0x10e PingSensorSystem.o
                0x00000818                _Z11getDistancev
 .text.__vector_11
                0x00000926       0xb2 PingSensorSystem.o
                0x00000926                __vector_11
 .text._Z11init_timer1v
                0x000009d8       0x4c PingSensorSystem.o
                0x000009d8                _Z11init_timer1v
 .text.main     0x00000a24      0x342 PingSensorSystem.o
                0x00000a24                main
 .text._ZN5Print5writeEPKhj
                0x00000d66       0x5e Print.o
                0x00000d66                _ZN5Print5writeEPKhj
 .text._ZN5Print5printEc
                0x00000dc4       0x10 Print.o
                0x00000dc4                _ZN5Print5printEc
 .text._ZN5Print11printNumberEmh
                0x00000dd4       0xbe Print.o
                0x00000dd4                _ZN5Print11printNumberEmh
 .text._ZN5Print5printEmi
                0x00000e92       0x1e Print.o
                0x00000e92                _ZN5Print5printEmi
 .text._ZN5Print5printEhi
                0x00000eb0       0x10 Print.o
                0x00000eb0                _ZN5Print5printEhi
 .text._Z12disableTimerh
                0x00000ec0       0x40 Tone.o
                0x00000ec0                _Z12disableTimerh
 .text._Z6noToneh
                0x00000f00       0x2c Tone.o
                0x00000f00                _Z6noToneh
 .text.__vector_7
                0x00000f2c       0xb8 Tone.o
                0x00000f2c                __vector_7
 .text.twi_init
                0x00000fe4       0x3c twi.o
                0x00000fe4                twi_init
 .text.twi_setAddress
                0x00001020        0x8 twi.o
                0x00001020                twi_setAddress
 .text.twi_transmit
                0x00001028       0x54 twi.o
                0x00001028                twi_transmit
 .text.twi_attachSlaveRxEvent
                0x0000107c        0xa twi.o
                0x0000107c                twi_attachSlaveRxEvent
 .text.twi_attachSlaveTxEvent
                0x00001086        0xa twi.o
                0x00001086                twi_attachSlaveTxEvent
 .text.twi_stop
                0x00001090       0x16 twi.o
                0x00001090                twi_stop
 .text.twi_releaseBus
                0x000010a6        0xc twi.o
                0x000010a6                twi_releaseBus
 .text.__vector_24
                0x000010b2      0x23e twi.o
                0x000010b2                __vector_24
 .text.nothing  0x000012f0        0x2 WInterrupts.o
 .text.__vector_1
                0x000012f2       0x4e WInterrupts.o
                0x000012f2                __vector_1
 .text.__vector_2
                0x00001340       0x4e WInterrupts.o
                0x00001340                __vector_2
 .text._ZN7TwoWire9availableEv
                0x0000138e       0x10 Wire.o
                0x0000138e                _ZN7TwoWire9availableEv
 .text._ZN7TwoWire4readEv
                0x0000139e       0x26 Wire.o
                0x0000139e                _ZN7TwoWire4readEv
 .text._ZN7TwoWire4peekEv
                0x000013c4       0x1e Wire.o
                0x000013c4                _ZN7TwoWire4peekEv
 .text._ZN7TwoWire5flushEv
                0x000013e2        0x2 Wire.o
                0x000013e2                _ZN7TwoWire5flushEv
 .text._ZN7TwoWire16onReceiveServiceEPhi
                0x000013e4       0x4e Wire.o
                0x000013e4                _ZN7TwoWire16onReceiveServiceEPhi
 .text._ZN7TwoWire16onRequestServiceEv
                0x00001432       0x18 Wire.o
                0x00001432                _ZN7TwoWire16onRequestServiceEv
 .text._ZN7TwoWire5writeEPKhj
                0x0000144a       0x60 Wire.o
                0x0000144a                _ZN7TwoWire5writeEPKhj
 .text._ZN7TwoWire5writeEh
                0x000014aa       0x62 Wire.o
                0x000014aa                _ZN7TwoWire5writeEh
 .text._ZN7TwoWireC2Ev
                0x0000150c       0x20 Wire.o
                0x0000150c                _ZN7TwoWireC1Ev
                0x0000150c                _ZN7TwoWireC2Ev
 .text._ZN7TwoWire5beginEv
                0x0000152c       0x16 Wire.o
                0x0000152c                _ZN7TwoWire5beginEv
 .text._ZN7TwoWire5beginEh
                0x00001542       0x28 Wire.o
                0x00001542                _ZN7TwoWire5beginEh
 .text._ZN7TwoWire5beginEi
                0x0000156a        0x6 Wire.o
                0x0000156a                _ZN7TwoWire5beginEi
 .text._ZN7TwoWire9onRequestEPFvvE
                0x00001570        0xa Wire.o
                0x00001570                _ZN7TwoWire9onRequestEPFvvE
 .text._GLOBAL__sub_I__ZN7TwoWire8rxBufferE
                0x0000157a        0xa Wire.o
 .text.__vector_16
                0x00001584       0x94 wiring.o
                0x00001584                __vector_16
 .text.turnOffPWM
                0x00001618       0x5e wiring_digital.o
 .text.digitalWrite
                0x00001676       0x62 wiring_digital.o
                0x00001676                digitalWrite
 .text.avr-libc.fplib
                0x000016d8        0xa c:/program files (x86)/atmel/atmel toolchain/avr8 gcc/native/3.4.1061/avr8-gnu-toolchain/bin/../lib/gcc/avr/4.8.1/../../../../avr/lib/avr5\libm.a(fixsfsi.o)
                0x000016d8                __fixsfsi
 .text.avr-libc.fplib
                0x000016e2       0x58 c:/program files (x86)/atmel/atmel toolchain/avr8 gcc/native/3.4.1061/avr8-gnu-toolchain/bin/../lib/gcc/avr/4.8.1/../../../../avr/lib/avr5\libm.a(fixunssfsi.o)
                0x000016e2                __fixunssfsi
 .text.avr-libc.fplib
                0x0000173a       0x7a c:/program files (x86)/atmel/atmel toolchain/avr8 gcc/native/3.4.1061/avr8-gnu-toolchain/bin/../lib/gcc/avr/4.8.1/../../../../avr/lib/avr5\libm.a(floatsisf.o)
                0x0000173a                __floatunsisf
                0x0000173e                __floatsisf
 .text.avr-libc.fplib
                0x000017b4        0xc c:/program files (x86)/atmel/atmel toolchain/avr8 gcc/native/3.4.1061/avr8-gnu-toolchain/bin/../lib/gcc/avr/4.8.1/../../../../avr/lib/avr5\libm.a(fp_inf.o)
                0x000017b4                __fp_inf
 .text.avr-libc.fplib
                0x000017c0        0x6 c:/program files (x86)/atmel/atmel toolchain/avr8 gcc/native/3.4.1061/avr8-gnu-toolchain/bin/../lib/gcc/avr/4.8.1/../../../../avr/lib/avr5\libm.a(fp_nan.o)
                0x000017c0                __fp_nan
 .text.avr-libc.fplib
                0x000017c6        0xe c:/program files (x86)/atmel/atmel toolchain/avr8 gcc/native/3.4.1061/avr8-gnu-toolchain/bin/../lib/gcc/avr/4.8.1/../../../../avr/lib/avr5\libm.a(fp_pscA.o)
                0x000017c6                __fp_pscA
 .text.avr-libc.fplib
                0x000017d4        0xe c:/program files (x86)/atmel/atmel toolchain/avr8 gcc/native/3.4.1061/avr8-gnu-toolchain/bin/../lib/gcc/avr/4.8.1/../../../../avr/lib/avr5\libm.a(fp_pscB.o)
                0x000017d4                __fp_pscB
 .text.avr-libc.fplib
                0x000017e2       0x22 c:/program files (x86)/atmel/atmel toolchain/avr8 gcc/native/3.4.1061/avr8-gnu-toolchain/bin/../lib/gcc/avr/4.8.1/../../../../avr/lib/avr5\libm.a(fp_round.o)
                0x000017e2                __fp_round
 .text.avr-libc.fplib
                0x00001804       0x44 c:/program files (x86)/atmel/atmel toolchain/avr8 gcc/native/3.4.1061/avr8-gnu-toolchain/bin/../lib/gcc/avr/4.8.1/../../../../avr/lib/avr5\libm.a(fp_split3.o)
                0x00001804                __fp_split3
                0x00001814                __fp_splitA
 .text.avr-libc.fplib
                0x00001848        0xe c:/program files (x86)/atmel/atmel toolchain/avr8 gcc/native/3.4.1061/avr8-gnu-toolchain/bin/../lib/gcc/avr/4.8.1/../../../../avr/lib/avr5\libm.a(fp_zero.o)
                0x00001848                __fp_zero
                0x0000184a                __fp_szero
 .text.avr-libc.fplib
                0x00001856        0x4 c:/program files (x86)/atmel/atmel toolchain/avr8 gcc/native/3.4.1061/avr8-gnu-toolchain/bin/../lib/gcc/avr/4.8.1/../../../../avr/lib/avr5\libm.a(mulsf3.o)
                0x00001856                __mulsf3
 .text.avr-libc.fplib
                0x0000185a       0xc2 c:/program files (x86)/atmel/atmel toolchain/avr8 gcc/native/3.4.1061/avr8-gnu-toolchain/bin/../lib/gcc/avr/4.8.1/../../../../avr/lib/avr5\libm.a(mulsf3x.o)
                0x0000186e                __mulsf3x
                0x00001872                __mulsf3_pse
 .text.libgcc.div
                0x0000191c       0x44 c:/program files (x86)/atmel/atmel toolchain/avr8 gcc/native/3.4.1061/avr8-gnu-toolchain/bin/../lib/gcc/avr/4.8.1/avr5\libgcc.a(_udivmodsi4.o)
                0x0000191c                __udivmodsi4
 .text.libgcc   0x00001960        0xc c:/program files (x86)/atmel/atmel toolchain/avr8 gcc/native/3.4.1061/avr8-gnu-toolchain/bin/../lib/gcc/avr/4.8.1/avr5\libgcc.a(_tablejump.o)
                0x00001960                __tablejump2__
                0x00001964                __tablejump__
 .text.avr-libc
                0x0000196c       0x5a c:/program files (x86)/atmel/atmel toolchain/avr8 gcc/native/3.4.1061/avr8-gnu-toolchain/bin/../lib/gcc/avr/4.8.1/../../../../avr/lib/avr5\libc.a(puts.o)
                0x0000196c                puts
                0x000019c6                . = ALIGN (0x2)
 *(.fini9)
 .fini9         0x000019c6        0x0 c:/program files (x86)/atmel/atmel toolchain/avr8 gcc/native/3.4.1061/avr8-gnu-toolchain/bin/../lib/gcc/avr/4.8.1/avr5\libgcc.a(_exit.o)
                0x000019c6                _exit
                0x000019c6                exit
 *(.fini9)
 *(.fini8)
 *(.fini8)
 *(.fini7)
 *(.fini7)
 *(.fini6)
 *(.fini6)
 *(.fini5)
 *(.fini5)
 *(.fini4)
 *(.fini4)
 *(.fini3)
 *(.fini3)
 *(.fini2)
 *(.fini2)
 *(.fini1)
 *(.fini1)
 *(.fini0)
 .fini0         0x000019c6        0x4 c:/program files (x86)/atmel/atmel toolchain/avr8 gcc/native/3.4.1061/avr8-gnu-toolchain/bin/../lib/gcc/avr/4.8.1/avr5\libgcc.a(_exit.o)
 *(.fini0)
                0x000019ca                _etext = .

.data           0x00800100       0x32 load address 0x000019ca
                0x00800100                PROVIDE (__data_start, .)
 *(.data)
 *(.data*)
 .data._ZL9tone_pins
                0x00800100        0x1 Tone.o
 .data.intFunc  0x00800101        0x4 WInterrupts.o
 *(.rodata)
 *(.rodata*)
 .rodata._ZTV14HardwareSerial
                0x00800105       0x10 HardwareSerial.o
                0x00800105                _ZTV14HardwareSerial
 .rodata._ZTV9IPAddress
                0x00800115        0x6 IPAddress.o
                0x00800115                _ZTV9IPAddress
 .rodata.str1.1
                0x0080011b        0x7 PingSensorSystem.o
 .rodata._ZTV7TwoWire
                0x00800122       0x10 Wire.o
                0x00800122                _ZTV7TwoWire
 *(.gnu.linkonce.d*)
                0x00800132                . = ALIGN (0x2)
                0x00800132                _edata = .
                0x00800132                PROVIDE (__data_end, .)

.bss            0x00800132      0x1ba
                0x00800132                PROVIDE (__bss_start, .)
 *(.bss)
 *(.bss*)
 .bss.Serial    0x00800132       0x9d HardwareSerial0.o
                0x00800132                Serial
 .bss._ZL11INADDR_NONE
                0x008001cf        0x6 IPAddress.o
 .bss.del       0x008001d5        0x2 PingSensorSystem.o
                0x008001d5                del
 .bss.s5_dist   0x008001d7        0x2 PingSensorSystem.o
                0x008001d7                s5_dist
 .bss.s4_dist   0x008001d9        0x2 PingSensorSystem.o
                0x008001d9                s4_dist
 .bss.s3_dist   0x008001db        0x2 PingSensorSystem.o
                0x008001db                s3_dist
 .bss.s2_dist   0x008001dd        0x2 PingSensorSystem.o
                0x008001dd                s2_dist
 .bss.s1_dist   0x008001df        0x2 PingSensorSystem.o
                0x008001df                s1_dist
 .bss.s5_pulse  0x008001e1        0x2 PingSensorSystem.o
                0x008001e1                s5_pulse
 .bss.s4_pulse  0x008001e3        0x2 PingSensorSystem.o
                0x008001e3                s4_pulse
 .bss.s3_pulse  0x008001e5        0x2 PingSensorSystem.o
                0x008001e5                s3_pulse
 .bss.s2_pulse  0x008001e7        0x2 PingSensorSystem.o
                0x008001e7                s2_pulse
 .bss.s1_pulse  0x008001e9        0x2 PingSensorSystem.o
                0x008001e9                s1_pulse
 .bss.s5_end    0x008001eb        0x2 PingSensorSystem.o
                0x008001eb                s5_end
 .bss.s4_end    0x008001ed        0x2 PingSensorSystem.o
                0x008001ed                s4_end
 .bss.s3_end    0x008001ef        0x2 PingSensorSystem.o
                0x008001ef                s3_end
 .bss.s2_end    0x008001f1        0x2 PingSensorSystem.o
                0x008001f1                s2_end
 .bss.s1_end    0x008001f3        0x2 PingSensorSystem.o
                0x008001f3                s1_end
 .bss.s5_start  0x008001f5        0x2 PingSensorSystem.o
                0x008001f5                s5_start
 .bss.s4_start  0x008001f7        0x2 PingSensorSystem.o
                0x008001f7                s4_start
 .bss.s3_start  0x008001f9        0x2 PingSensorSystem.o
                0x008001f9                s3_start
 .bss.s2_start  0x008001fb        0x2 PingSensorSystem.o
                0x008001fb                s2_start
 .bss.s1_start  0x008001fd        0x2 PingSensorSystem.o
                0x008001fd                s1_start
 .bss.s5_reading
                0x008001ff        0x2 PingSensorSystem.o
                0x008001ff                s5_reading
 .bss.s4_reading
                0x00800201        0x2 PingSensorSystem.o
                0x00800201                s4_reading
 .bss.s3_reading
                0x00800203        0x2 PingSensorSystem.o
                0x00800203                s3_reading
 .bss.s2_reading
                0x00800205        0x2 PingSensorSystem.o
                0x00800205                s2_reading
 .bss.s1_reading
                0x00800207        0x2 PingSensorSystem.o
                0x00800207                s1_reading
 .bss.s5_ready  0x00800209        0x2 PingSensorSystem.o
                0x00800209                s5_ready
 .bss.s4_ready  0x0080020b        0x2 PingSensorSystem.o
                0x0080020b                s4_ready
 .bss.s3_ready  0x0080020d        0x2 PingSensorSystem.o
                0x0080020d                s3_ready
 .bss.s2_ready  0x0080020f        0x2 PingSensorSystem.o
                0x0080020f                s2_ready
 .bss.s1_ready  0x00800211        0x2 PingSensorSystem.o
                0x00800211                s1_ready
 .bss.timer2_pin_mask
                0x00800213        0x1 Tone.o
                0x00800213                timer2_pin_mask
 .bss.timer2_pin_port
                0x00800214        0x2 Tone.o
                0x00800214                timer2_pin_port
 .bss.timer2_toggle_count
                0x00800216        0x4 Tone.o
                0x00800216                timer2_toggle_count
 .bss.twi_error
                0x0080021a        0x1 twi.o
 .bss.twi_rxBufferIndex
                0x0080021b        0x1 twi.o
 .bss.twi_rxBuffer
                0x0080021c       0x20 twi.o
 .bss.twi_txBufferLength
                0x0080023c        0x1 twi.o
 .bss.twi_txBufferIndex
                0x0080023d        0x1 twi.o
 .bss.twi_txBuffer
                0x0080023e       0x20 twi.o
 .bss.twi_masterBufferLength
                0x0080025e        0x1 twi.o
 .bss.twi_masterBufferIndex
                0x0080025f        0x1 twi.o
 .bss.twi_masterBuffer
                0x00800260       0x20 twi.o
 .bss.twi_onSlaveReceive
                0x00800280        0x2 twi.o
 .bss.twi_onSlaveTransmit
                0x00800282        0x2 twi.o
 .bss.twi_inRepStart
                0x00800284        0x1 twi.o
 .bss.twi_sendStop
                0x00800285        0x1 twi.o
 .bss.twi_slarw
                0x00800286        0x1 twi.o
 .bss.twi_state
                0x00800287        0x1 twi.o
 .bss.Wire      0x00800288        0xc Wire.o
                0x00800288                Wire
 .bss._ZN7TwoWire14user_onReceiveE
                0x00800294        0x2 Wire.o
                0x00800294                _ZN7TwoWire14user_onReceiveE
 .bss._ZN7TwoWire14user_onRequestE
                0x00800296        0x2 Wire.o
                0x00800296                _ZN7TwoWire14user_onRequestE
 .bss._ZN7TwoWire12transmittingE
                0x00800298        0x1 Wire.o
                0x00800298                _ZN7TwoWire12transmittingE
 .bss._ZN7TwoWire14txBufferLengthE
                0x00800299        0x1 Wire.o
                0x00800299                _ZN7TwoWire14txBufferLengthE
 .bss._ZN7TwoWire13txBufferIndexE
                0x0080029a        0x1 Wire.o
                0x0080029a                _ZN7TwoWire13txBufferIndexE
 .bss._ZN7TwoWire8txBufferE
                0x0080029b       0x20 Wire.o
                0x0080029b                _ZN7TwoWire8txBufferE
 .bss._ZN7TwoWire14rxBufferLengthE
                0x008002bb        0x1 Wire.o
                0x008002bb                _ZN7TwoWire14rxBufferLengthE
 .bss._ZN7TwoWire13rxBufferIndexE
                0x008002bc        0x1 Wire.o
                0x008002bc                _ZN7TwoWire13rxBufferIndexE
 .bss._ZN7TwoWire8rxBufferE
                0x008002bd       0x20 Wire.o
                0x008002bd                _ZN7TwoWire8rxBufferE
 .bss.timer0_fract
                0x008002dd        0x1 wiring.o
 .bss.timer0_millis
                0x008002de        0x4 wiring.o
                0x008002de                timer0_millis
 .bss.timer0_overflow_count
                0x008002e2        0x4 wiring.o
                0x008002e2                timer0_overflow_count
 *(COMMON)
 COMMON         0x008002e6        0x6 c:/program files (x86)/atmel/atmel toolchain/avr8 gcc/native/3.4.1061/avr8-gnu-toolchain/bin/../lib/gcc/avr/4.8.1/../../../../avr/lib/avr5\libc.a(iob.o)
                0x008002e6                __iob
                0x008002ec                PROVIDE (__bss_end, .)
                0x000019ca                __data_load_start = LOADADDR (.data)
                0x000019fc                __data_load_end = (__data_load_start + SIZEOF (.data))

.noinit         0x008002ec        0x0
                0x008002ec                PROVIDE (__noinit_start, .)
 *(.noinit*)
                0x008002ec                PROVIDE (__noinit_end, .)
                0x008002ec                _end = .
                0x008002ec                PROVIDE (__heap_start, .)

.eeprom         0x00810000        0x0
 *(.eeprom*)
                0x00810000                __eeprom_end = .

.fuse
 *(.fuse)
 *(.lfuse)
 *(.hfuse)
 *(.efuse)

.lock
 *(.lock*)

.signature
 *(.signature*)

.user_signatures
 *(.user_signatures*)

.stab
 *(.stab)

.stabstr
 *(.stabstr)

.stab.excl
 *(.stab.excl)

.stab.exclstr
 *(.stab.exclstr)

.stab.index
 *(.stab.index)

.stab.indexstr
 *(.stab.indexstr)

.comment        0x00000000       0x30
 *(.comment)
 .comment       0x00000000       0x30 HardwareSerial.o
                                 0x31 (size before relaxing)
 .comment       0x00000000       0x31 HardwareSerial0.o
 .comment       0x00000000       0x31 IPAddress.o
 .comment       0x00000000       0x31 PingSensorSystem.o
 .comment       0x00000000       0x31 Print.o
 .comment       0x00000000       0x31 Tone.o
 .comment       0x00000000       0x31 twi.o
 .comment       0x00000000       0x31 WInterrupts.o
 .comment       0x00000000       0x31 Wire.o
 .comment       0x00000000       0x31 wiring.o
 .comment       0x00000000       0x31 wiring_digital.o
 .comment       0x00000000       0x31 c:/program files (x86)/atmel/atmel toolchain/avr8 gcc/native/3.4.1061/avr8-gnu-toolchain/bin/../lib/gcc/avr/4.8.1/../../../../avr/lib/avr5\libc.a(puts.o)
 .comment       0x00000000       0x31 c:/program files (x86)/atmel/atmel toolchain/avr8 gcc/native/3.4.1061/avr8-gnu-toolchain/bin/../lib/gcc/avr/4.8.1/../../../../avr/lib/avr5\libc.a(iob.o)

.note.gnu.build-id
 *(.note.gnu.build-id)

.debug
 *(.debug)

.line
 *(.line)

.debug_srcinfo
 *(.debug_srcinfo)

.debug_sfnames
 *(.debug_sfnames)

.debug_aranges  0x00000000      0x4a0
 *(.debug_aranges)
 .debug_aranges
                0x00000000       0x68 HardwareSerial.o
 .debug_aranges
                0x00000068       0x38 HardwareSerial0.o
 .debug_aranges
                0x000000a0       0x68 IPAddress.o
 .debug_aranges
                0x00000108       0x50 PingSensorSystem.o
 .debug_aranges
                0x00000158       0xe8 Print.o
 .debug_aranges
                0x00000240       0x38 Tone.o
 .debug_aranges
                0x00000278       0x80 twi.o
 .debug_aranges
                0x000002f8       0x40 WInterrupts.o
 .debug_aranges
                0x00000338       0xe8 Wire.o
 .debug_aranges
                0x00000420       0x48 wiring.o
 .debug_aranges
                0x00000468       0x38 wiring_digital.o

.debug_pubnames
 *(.debug_pubnames)

.debug_info     0x00000000     0xb706
 *(.debug_info .gnu.linkonce.wi.*)
 .debug_info    0x00000000     0x1b40 HardwareSerial.o
 .debug_info    0x00001b40     0x1804 HardwareSerial0.o
 .debug_info    0x00003344     0x1826 IPAddress.o
 .debug_info    0x00004b6a      0x740 PingSensorSystem.o
 .debug_info    0x000052aa     0x2649 Print.o
 .debug_info    0x000078f3      0x75b Tone.o
 .debug_info    0x0000804e      0x727 twi.o
 .debug_info    0x00008775      0x217 WInterrupts.o
 .debug_info    0x0000898c     0x24d5 Wire.o
 .debug_info    0x0000ae61      0x2cf wiring.o
 .debug_info    0x0000b130      0x5d6 wiring_digital.o

.debug_abbrev   0x00000000     0x1fe1
 *(.debug_abbrev)
 .debug_abbrev  0x00000000      0x3a2 HardwareSerial.o
 .debug_abbrev  0x000003a2      0x38d HardwareSerial0.o
 .debug_abbrev  0x0000072f      0x44d IPAddress.o
 .debug_abbrev  0x00000b7c      0x294 PingSensorSystem.o
 .debug_abbrev  0x00000e10      0x3f2 Print.o
 .debug_abbrev  0x00001202      0x279 Tone.o
 .debug_abbrev  0x0000147b      0x251 twi.o
 .debug_abbrev  0x000016cc       0xfc WInterrupts.o
 .debug_abbrev  0x000017c8      0x58b Wire.o
 .debug_abbrev  0x00001d53      0x145 wiring.o
 .debug_abbrev  0x00001e98      0x149 wiring_digital.o

.debug_line     0x00000000     0x1a13
 *(.debug_line .debug_line.* .debug_line_end)
 .debug_line    0x00000000      0x2cc HardwareSerial.o
 .debug_line    0x000002cc      0x1fb HardwareSerial0.o
 .debug_line    0x000004c7      0x29e IPAddress.o
 .debug_line    0x00000765      0x2be PingSensorSystem.o
 .debug_line    0x00000a23      0x42f Print.o
 .debug_line    0x00000e52      0x1b6 Tone.o
 .debug_line    0x00001008      0x2a2 twi.o
 .debug_line    0x000012aa      0x130 WInterrupts.o
 .debug_line    0x000013da      0x388 Wire.o
 .debug_line    0x00001762      0x178 wiring.o
 .debug_line    0x000018da      0x139 wiring_digital.o

.debug_frame    0x00000000      0xde8
 *(.debug_frame)
 .debug_frame   0x00000000      0x104 HardwareSerial.o
 .debug_frame   0x00000104       0xcc HardwareSerial0.o
 .debug_frame   0x000001d0      0x104 IPAddress.o
 .debug_frame   0x000002d4       0xcc PingSensorSystem.o
 .debug_frame   0x000003a0      0x390 Print.o
 .debug_frame   0x00000730      0x100 Tone.o
 .debug_frame   0x00000830      0x134 twi.o
 .debug_frame   0x00000964       0xf4 WInterrupts.o
 .debug_frame   0x00000a58      0x250 Wire.o
 .debug_frame   0x00000ca8       0xc4 wiring.o
 .debug_frame   0x00000d6c       0x7c wiring_digital.o

.debug_str      0x00000000     0x24ec
 *(.debug_str)
 .debug_str     0x00000000     0x11f5 HardwareSerial.o
                               0x1287 (size before relaxing)
 .debug_str     0x000011f5       0x84 HardwareSerial0.o
                               0x1087 (size before relaxing)
 .debug_str     0x00001279      0x2a1 IPAddress.o
                                0xe41 (size before relaxing)
 .debug_str     0x0000151a      0x272 PingSensorSystem.o
                                0x4d7 (size before relaxing)
 .debug_str     0x0000178c      0x374 Print.o
                                0xee4 (size before relaxing)
 .debug_str     0x00001b00      0x1a9 Tone.o
                                0x3cf (size before relaxing)
 .debug_str     0x00001ca9      0x260 twi.o
                                0x378 (size before relaxing)
 .debug_str     0x00001f09       0x80 WInterrupts.o
                                0x1f7 (size before relaxing)
 .debug_str     0x00001f89      0x482 Wire.o
                               0x152f (size before relaxing)
 .debug_str     0x0000240b       0x78 wiring.o
                                0x20a (size before relaxing)
 .debug_str     0x00002483       0x69 wiring_digital.o
                                0x26f (size before relaxing)

.debug_loc      0x00000000     0x4ce1
 *(.debug_loc)
 .debug_loc     0x00000000      0x424 HardwareSerial.o
 .debug_loc     0x00000424      0x17b HardwareSerial0.o
 .debug_loc     0x0000059f      0x445 IPAddress.o
 .debug_loc     0x000009e4      0x162 PingSensorSystem.o
 .debug_loc     0x00000b46     0x1d4d Print.o
 .debug_loc     0x00002893      0x92b Tone.o
 .debug_loc     0x000031be      0x579 twi.o
 .debug_loc     0x00003737      0x235 WInterrupts.o
 .debug_loc     0x0000396c      0xb0c Wire.o
 .debug_loc     0x00004478      0x24a wiring.o
 .debug_loc     0x000046c2      0x61f wiring_digital.o

.debug_macinfo
 *(.debug_macinfo)

.debug_weaknames
 *(.debug_weaknames)

.debug_funcnames
 *(.debug_funcnames)

.debug_typenames
 *(.debug_typenames)

.debug_varnames
 *(.debug_varnames)

.debug_pubtypes
 *(.debug_pubtypes)

.debug_ranges   0x00000000      0x4b8
 *(.debug_ranges)
 .debug_ranges  0x00000000       0x58 HardwareSerial.o
 .debug_ranges  0x00000058       0x28 HardwareSerial0.o
 .debug_ranges  0x00000080       0x90 IPAddress.o
 .debug_ranges  0x00000110       0x40 PingSensorSystem.o
 .debug_ranges  0x00000150      0x138 Print.o
 .debug_ranges  0x00000288       0x58 Tone.o
 .debug_ranges  0x000002e0       0x70 twi.o
 .debug_ranges  0x00000350       0x30 WInterrupts.o
 .debug_ranges  0x00000380       0xd8 Wire.o
 .debug_ranges  0x00000458       0x38 wiring.o
 .debug_ranges  0x00000490       0x28 wiring_digital.o

.debug_macro
 *(.debug_macro)
OUTPUT(PingSensorSystem.elf elf32-avr)
LOAD linker stubs
